
> Medlibre@1.0.0 build
> next build

   Ôû▓ Next.js 15.5.10
   - Environments: .env
   - Experiments (use with caution):
     ┬À serverActions

   Creating an optimized production build ...
node.exe : Browserslist: browsers data (caniuse-lite) is 7 months old. Please run:
No linha:1 caractere:1
+ & "C:\Program Files\nodejs/node.exe" "C:\Program Files\nodejs/node_mo ...
+ ~~~~~~~~~~~~~~~~~~~~~~~~~~~~~~~~~~~~~~~~~~~~~~~~~~~~~~~~~~~~~~~~~~~~~
    + CategoryInfo          : NotSpecified: (Browserslist: b...ld. Please run::String) [], RemoteException
    + FullyQualifiedErrorId : NativeCommandError
 
  npx update-browserslist-db@latest
  Why you should do it regularly: https://github.com/browserslist/update-db#readme
 Ô£ô Compiled successfully in 8.4s
   Linting and checking validity of types ...
 Ô¿» ESLint: Cannot find package 'eslint-plugin-react-refresh' imported from C:\Users\debor\OneDrive\Documentos\GitHub\medresidency-prep\eslint.config.js
Failed to compile.

./src/components/seo/SEOHead.tsx:1:24
Type error: Cannot find module 'react-helmet-async' or its corresponding type declarations.

[0m[31m[1m>[22m[39m[90m 1 |[39m [36mimport[39m { [33mHelmet[39m } [36mfrom[39m [32m"react-helmet-async"[39m[33m;[39m
 [90m   |[39m                        [31m[1m^[22m[39m
 [90m 2 |[39m
 [90m 3 |[39m [36minterface[39m [33mSEOHeadProps[39m {
 [90m 4 |[39m     title[33m:[39m string[33m;[39m[0m
Next.js build worker exited with code: 1 and signal: null
