src/components/LimitReachedCard.tsx(27,19): error TS2322: Type '{ children: Element; to: string; }' is not assignable to type 'IntrinsicAttributes & Omit<AnchorHTMLAttributes<HTMLAnchorElement>, keyof LinkProps<any>> & LinkProps<...> & { ...; } & RefAttributes<...>'.
  Property 'to' does not exist on type 'IntrinsicAttributes & Omit<AnchorHTMLAttributes<HTMLAnchorElement>, keyof LinkProps<any>> & LinkProps<...> & { ...; } & RefAttributes<...>'.
src/components/LimitReachedCard.tsx(33,19): error TS2322: Type '{ children: Element; to: string; }' is not assignable to type 'IntrinsicAttributes & Omit<AnchorHTMLAttributes<HTMLAnchorElement>, keyof LinkProps<any>> & LinkProps<...> & { ...; } & RefAttributes<...>'.
  Property 'to' does not exist on type 'IntrinsicAttributes & Omit<AnchorHTMLAttributes<HTMLAnchorElement>, keyof LinkProps<any>> & LinkProps<...> & { ...; } & RefAttributes<...>'.
src/components/seo/SEOHead.tsx(1,24): error TS2307: Cannot find module 'react-helmet-async' or its corresponding type declarations.
vitest.config.ts(2,19): error TS2307: Cannot find module '@vitejs/plugin-react-swc' or its corresponding type declarations.
